// 重构日志: 9a086c3b
// 重构日志: a0a9f706
// 重构日志: b21c7804
// 重构日志: 2aa91bce
// 同步 ID: 3feea445 @ Thu Jul 30 04:18:45 UTC 2026
// 重构日志: 4612872f
// 同步 ID: d3d1bf60 @ Fri Jul 31 08:52:42 UTC 2026
// 同步 ID: a695709e @ Sat Aug  1 01:50:13 UTC 2026
// 同步 ID: 9fc3b095 @ Sat Aug  1 11:12:31 UTC 2026
// 重构日志: f5e2999c
// 重构日志: 3633e61f
// 重构日志: 7b4d7548
// 重构日志: cc6e71b6
// 重构日志: acde8cfe
// 同步 ID: 9da72aae @ Sun Aug  2 18:19:25 UTC 2026
// 重构日志: 681c3549
// 同步 ID: d755a1ad @ Mon Aug  3 09:25:28 UTC 2026
// 重构日志: bc4412c9
// 重构日志: 8b69831c
// 同步 ID: 5faf26d6 @ Tue Aug  4 15:30:38 UTC 2026
// 同步 ID: 402390cd @ Tue Aug  4 21:40:51 UTC 2026
// 重构日志: 8298bc4a
// 同步 ID: 105cae3c @ Wed Aug  5 05:33:46 UTC 2026
// 同步 ID: a1a225b6 @ Wed Aug  5 08:40:50 UTC 2026
// 同步 ID: 4628604a @ Wed Aug  5 11:43:12 UTC 2026
// 重构日志: 43914e80
// 同步 ID: 134c21a5 @ Thu Aug  6 01:38:22 UTC 2026
// 同步 ID: 10a696f6 @ Thu Aug  6 08:24:54 UTC 2026
// 同步 ID: 54a0e492 @ Fri Aug  7 04:13:13 UTC 2026
// 同步 ID: d0494c1e @ Fri Aug  7 09:09:49 UTC 2026
